[marvin.malyarchuk.space/ind-particles.html]
[backblue.gif]
[fade.gif]
[index.html]
[marvin.malyarchuk.space/css/plugins/bootstrap.min.css]
[marvin.malyarchuk.space/css/plugins/font-awesome.css]
[marvin.malyarchuk.space/css/plugins/feather.css]
[marvin.malyarchuk.space/css/plugins/simplebar.css]
[marvin.malyarchuk.space/css/plugins/swiper.min.css]
[marvin.malyarchuk.space/css/plugins/map.css]
[marvin.malyarchuk.space/css/plugins/magnific-popup.css]
[marvin.malyarchuk.space/css/plugins/owl-carousel-min.css]
[marvin.malyarchuk.space/css/style-dark.css]
[marvin.malyarchuk.space/css/settings/color/green-color.css]
[marvin.malyarchuk.space/setting/style-demo.css]
[marvin.malyarchuk.space/css/style-light.css]
[marvin.malyarchuk.space/rtl/ind-rtl-particles.html]
[marvin.malyarchuk.space/css/settings/box/hexagon.css]
[marvin.malyarchuk.space/css/settings/color/blue-color.css]
[marvin.malyarchuk.space/css/settings/color/red-color.css]
[marvin.malyarchuk.space/css/settings/color/purple-color.css]
[marvin.malyarchuk.space/css/settings/color/sea-color.css]
[marvin.malyarchuk.space/css/settings/color/yellow-color.css]
[marvin.malyarchuk.space/img/logo.png]
[marvin.malyarchuk.space/img/bg.jpg]
[marvin.malyarchuk.space/img/user-photo.jpg]
[marvin.malyarchuk.space/video/video.mp4]
[marvin.malyarchuk.space/img/blog/img-2.jpg]
[marvin.malyarchuk.space/img/portfolio/img-3.jpg]
[marvin.malyarchuk.space/img/portfolio/img-6.jpg]
[marvin.malyarchuk.space/img/clients/client-1.png]
[marvin.malyarchuk.space/img/clients/client-2.png]
[marvin.malyarchuk.space/img/clients/client-3.png]
[marvin.malyarchuk.space/img/clients/client-4.png]
[marvin.malyarchuk.space/img/clients/client-5.png]
[marvin.malyarchuk.space/img/clients/client-6.png]
[marvin.malyarchuk.space/img/clients/client-7.png]
[marvin.malyarchuk.space/img/clients/client-8.png]
[marvin.malyarchuk.space/img/portfolio/img-1.jpg]
[marvin.malyarchuk.space/img/portfolio/img-2.jpg]
[marvin.malyarchuk.space/single-work.html]
[marvin.malyarchuk.space/img/portfolio/img-4.jpg]
[marvin.malyarchuk.space/img/portfolio/img-5.jpg]
[marvin.malyarchuk.space/img/portfolio/img-7.jpg]
[marvin.malyarchuk.space/img/portfolio/img-8.jpg]
[marvin.malyarchuk.space/img/portfolio/img-9.jpg]
[marvin.malyarchuk.space/blog-list.html]
[marvin.malyarchuk.space/img/blog/img-1.jpg]
[marvin.malyarchuk.space/img/blog/img-3.jpg]
[marvin.malyarchuk.space/blog-page.html]
[marvin.malyarchuk.space/img/blog/img-4.jpg]
[marvin.malyarchuk.space/img/blog/img-5.jpg]
[marvin.malyarchuk.space/img/blog/img-6.jpg]
[marvin.malyarchuk.space/img/marker.png]
[marvin.malyarchuk.space/js/plugins/jquery.min.js]
[marvin.malyarchuk.space/js/plugins/bootstrap.min.js]
[marvin.malyarchuk.space/js/plugins/isotope.pkgd.min.js]
[marvin.malyarchuk.space/js/plugins/owl-carousel-min.js]
[marvin.malyarchuk.space/js/plugins/simplebar.js]
[marvin.malyarchuk.space/js/plugins/swiper.min.js]
[marvin.malyarchuk.space/js/plugins/jquery.easypiechart.js]
[marvin.malyarchuk.space/js/plugins/map.min.js]
[marvin.malyarchuk.space/js/plugins/jquery.magnific-popup.min.js]
[marvin.malyarchuk.space/js/plugins/jquery.validation.js]
[marvin.malyarchuk.space/js/main.js]
[marvin.malyarchuk.space/setting/main-demo.js]
[marvin.malyarchuk.space/ind-particles.html]
[marvin.malyarchuk.space/css/plugins/bootstrap.min.css]
[marvin.malyarchuk.space/js/plugins/particles.min.js]
[marvin.malyarchuk.space/webfonts/fa-brands-400.eot]
[marvin.malyarchuk.space/webfonts/fa-brands-400.woff2]
[marvin.malyarchuk.space/webfonts/fa-brands-400.woff]
[marvin.malyarchuk.space/webfonts/fa-brands-400d41d.eot]
[marvin.malyarchuk.space/webfonts/fa-brands-400.ttf]
[marvin.malyarchuk.space/webfonts/fa-regular-400.eot]
[marvin.malyarchuk.space/webfonts/fa-brands-400.svg]
[marvin.malyarchuk.space/webfonts/fa-regular-400.woff2]
[marvin.malyarchuk.space/webfonts/fa-regular-400d41d.eot]
[marvin.malyarchuk.space/webfonts/fa-regular-400.woff]
[marvin.malyarchuk.space/webfonts/fa-regular-400.ttf]
[marvin.malyarchuk.space/webfonts/fa-regular-400.svg]
[marvin.malyarchuk.space/webfonts/fa-solid-900.eot]
[marvin.malyarchuk.space/webfonts/fa-solid-900.woff2]
[marvin.malyarchuk.space/webfonts/fa-solid-900.woff]
[marvin.malyarchuk.space/webfonts/fa-solid-900d41d.eot]
[marvin.malyarchuk.space/webfonts/fa-solid-900.ttf]
[marvin.malyarchuk.space/css/plugins/font-awesome.css]
[marvin.malyarchuk.space/webfonts/fa-solid-900.svg]
[marvin.malyarchuk.space/webfonts/feathere8ab.eot]
[marvin.malyarchuk.space/webfonts/feathere8ab.ttf]
[marvin.malyarchuk.space/css/plugins/feather.css]
[marvin.malyarchuk.space/css/plugins/simplebar.css]
[marvin.malyarchuk.space/css/plugins/swiper.min.css]
[marvin.malyarchuk.space/webfonts/feathere8ab.svg]
[marvin.malyarchuk.space/css/plugins/map.css]
[marvin.malyarchuk.space/css/plugins/magnific-popup.css]
[marvin.malyarchuk.space/css/plugins/owl-carousel-min.css]
[marvin.malyarchuk.space/css/plugins/owl-theme-default-min.css]
[marvin.malyarchuk.space/img/slider/slide-1.jpg]
[marvin.malyarchuk.space/img/slider/slide-2.jpg]
[marvin.malyarchuk.space/img/slider/slide-3.jpg]
[marvin.malyarchuk.space/css/style-dark.css]
[marvin.malyarchuk.space/css/settings/box/box.css]
[marvin.malyarchuk.space/css/settings/box/circle.css]
[marvin.malyarchuk.space/css/settings/title/title.css]
[marvin.malyarchuk.space/css/settings/title/title-1.css]
[marvin.malyarchuk.space/css/settings/color/green-color.css]
[marvin.malyarchuk.space/setting/style-demo.css]
[marvin.malyarchuk.space/css/style-light.css]
[marvin.malyarchuk.space/css/settings/rtl.css]
[marvin.malyarchuk.space/rtl/ind-rtl-particles.html]
[marvin.malyarchuk.space/css/settings/box/no-box.css]
[marvin.malyarchuk.space/css/settings/box/hexagon.css]
[marvin.malyarchuk.space/css/settings/title/no-title.css]
[marvin.malyarchuk.space/css/settings/title/title-2.css]
[marvin.malyarchuk.space/css/settings/color/blue-color.css]
[marvin.malyarchuk.space/css/settings/color/red-color.css]
[marvin.malyarchuk.space/css/settings/color/purple-color.css]
[marvin.malyarchuk.space/css/settings/color/sea-color.css]
[marvin.malyarchuk.space/css/settings/color/yellow-color.css]
[marvin.malyarchuk.space/single-work.html]
[marvin.malyarchuk.space/js/plugins/jquery.animatedheadline.min.js]
[marvin.malyarchuk.space/img/blog-bg.jpg]
[marvin.malyarchuk.space/rtl/blog-rtl-list.html]
[marvin.malyarchuk.space/img/blog/post/blog-1.jpg]
[marvin.malyarchuk.space/img/blog/post/blog-2.jpg]
[marvin.malyarchuk.space/img/blog/post/blog-3.jpg]
[marvin.malyarchuk.space/img/blog/post/blog-4.jpg]
[marvin.malyarchuk.space/img/blog/post/gallery/gallery-1.jpg]
[marvin.malyarchuk.space/img/blog/post/gallery/gallery-2.jpg]
[marvin.malyarchuk.space/img/blog/post/gallery/gallery-3.jpg]
[marvin.malyarchuk.space/img/blog/post/gallery/gallery-4.jpg]
[marvin.malyarchuk.space/img/blog/post/gallery/gallery-5.jpg]
[marvin.malyarchuk.space/img/blog/post/gallery/gallery-6.jpg]
[marvin.malyarchuk.space/img/blog/post/gallery/gallery-7.jpg]
[marvin.malyarchuk.space/img/blog/post/gallery/gallery-8.jpg]
[marvin.malyarchuk.space/blog-list.html]
[marvin.malyarchuk.space/rtl/blog-rtl-page.html]
[marvin.malyarchuk.space/img/blog/authors/author-1.png]
[marvin.malyarchuk.space/img/blog/authors/author-2.png]
[marvin.malyarchuk.space/img/blog/authors/author-3.png]
[marvin.malyarchuk.space/blog-page.html]
[marvin.malyarchuk.space/webfonts/fa-brands-400.svg]
[marvin.malyarchuk.space/webfonts/fa-regular-400.svg]
[marvin.malyarchuk.space/webfonts/fa-solid-900.svg]
[marvin.malyarchuk.space/webfonts/feathere8ab.svg]
[marvin.malyarchuk.space/css/plugins/images/layers.html]
[marvin.malyarchuk.space/css/plugins/images/layers-2x.html]
[marvin.malyarchuk.space/css/plugins/images/marker-icon.html]
[marvin.malyarchuk.space/css/plugins/owl.video.play.html]
[marvin.malyarchuk.space/img/home-bg.html]
[marvin.malyarchuk.space/css/settings/rtl.css]
[marvin.malyarchuk.space/ind-rtl-particles.html]
[marvin.malyarchuk.space/rtl/blog-list.html]
[marvin.malyarchuk.space/rtl/blog-rtl-list.html]
[marvin.malyarchuk.space/index.html]
[marvin.malyarchuk.space/rtl/blog-rtl-page.html]
[marvin.malyarchuk.space/css/settings/green-color.html]
[marvin.malyarchuk.space/css/settings/blue-color.html]
[marvin.malyarchuk.space/css/settings/red-color.html]
[marvin.malyarchuk.space/css/settings/purple-color.html]
[marvin.malyarchuk.space/css/settings/sea-color.html]
[marvin.malyarchuk.space/css/settings/yellow-color.html]
